tcpdump: WARNING: any: That device doesn't support promiscuous mode
(Promiscuous mode not supported on the "any" device)
tcpdump: verbose output suppressed, use -v[v]... for full protocol decode
listening on any, link-type LINUX_SLL2 (Linux cooked v2), snapshot length 262144 bytes
03:00:17.360553 enp0s3 In  IP 192.168.56.2.514 > 192.168.56.119.514: SYSLOG syslog.alert, length: 194
03:00:17.360553 enp0s3 In  IP 192.168.56.2.514 > 192.168.56.119.514: SYSLOG syslog.alert, length: 194
03:00:17.361187 enp0s3 In  IP 192.168.56.2.514 > 192.168.56.119.514: SYSLOG syslog.alert, length: 194
03:00:17.362066 enp0s3 In  IP 192.168.56.2.514 > 192.168.56.119.514: SYSLOG syslog.alert, length: 194
03:00:17.365282 enp0s3 In  IP 192.168.56.2.514 > 192.168.56.119.514: SYSLOG syslog.alert, length: 194
03:00:17.368156 enp0s3 In  IP 192.168.56.2.514 > 192.168.56.119.514: SYSLOG syslog.alert, length: 194
03:00:17.368988 enp0s3 In  IP 192.168.56.2.514 > 192.168.56.119.514: SYSLOG syslog.alert, length: 194
03:00:17.368988 enp0s3 In  IP 192.168.56.2.514 > 192.168.56.119.514: SYSLOG syslog.alert, length: 194
03:00:17.369613 enp0s3 In  IP 192.168.56.2.514 > 192.168.56.119.514: SYSLOG syslog.alert, length: 194
03:00:17.371053 enp0s3 In  IP 192.168.56.2.514 > 192.168.56.119.514: SYSLOG syslog.alert, length: 194
03:00:17.371053 enp0s3 In  IP 192.168.56.2.514 > 192.168.56.119.514: SYSLOG syslog.alert, length: 194
03:00:17.373949 enp0s3 In  IP 192.168.56.2.514 > 192.168.56.119.514: SYSLOG syslog.alert, length: 194
03:00:17.373949 enp0s3 In  IP 192.168.56.2.514 > 192.168.56.119.514: SYSLOG syslog.alert, length: 194
03:00:17.373949 enp0s3 In  IP 192.168.56.2.514 > 192.168.56.119.514: SYSLOG syslog.alert, length: 193
03:00:17.861568 enp0s3 In  IP 192.168.56.2.514 > 192.168.56.119.514: SYSLOG syslog.alert, length: 194
03:00:17.863658 enp0s3 In  IP 192.168.56.2.514 > 192.168.56.119.514: SYSLOG syslog.alert, length: 192
03:00:17.863658 enp0s3 In  IP 192.168.56.2.514 > 192.168.56.119.514: SYSLOG syslog.alert, length: 192
03:00:17.865867 enp0s3 In  IP 192.168.56.2.514 > 192.168.56.119.514: SYSLOG syslog.alert, length: 192
03:00:17.865867 enp0s3 In  IP 192.168.56.2.514 > 192.168.56.119.514: SYSLOG syslog.alert, length: 190
03:00:17.868806 enp0s3 In  IP 192.168.56.2.514 > 192.168.56.119.514: SYSLOG syslog.alert, length: 193
03:00:17.868807 enp0s3 In  IP 192.168.56.2.514 > 192.168.56.119.514: SYSLOG syslog.alert, length: 193
03:00:17.879965 enp0s3 In  IP 192.168.56.2.514 > 192.168.56.119.514: SYSLOG syslog.alert, length: 190
03:00:17.879966 enp0s3 In  IP 192.168.56.2.514 > 192.168.56.119.514: SYSLOG syslog.alert, length: 192
03:00:17.879966 enp0s3 In  IP 192.168.56.2.514 > 192.168.56.119.514: SYSLOG syslog.alert, length: 194
03:00:18.369169 enp0s3 In  IP 192.168.56.2.514 > 192.168.56.119.514: SYSLOG syslog.alert, length: 193
03:00:18.369170 enp0s3 In  IP 192.168.56.2.514 > 192.168.56.119.514: SYSLOG syslog.alert, length: 194
03:00:18.372113 enp0s3 In  IP 192.168.56.2.514 > 192.168.56.119.514: SYSLOG syslog.alert, length: 192
03:00:18.372113 enp0s3 In  IP 192.168.56.2.514 > 192.168.56.119.514: SYSLOG syslog.alert, length: 194
03:00:18.372113 enp0s3 In  IP 192.168.56.2.514 > 192.168.56.119.514: SYSLOG syslog.alert, length: 192
03:00:18.869698 enp0s3 In  IP 192.168.56.2.514 > 192.168.56.119.514: SYSLOG syslog.alert, length: 192
03:00:18.870477 enp0s3 In  IP 192.168.56.2.514 > 192.168.56.119.514: SYSLOG syslog.alert, length: 194
03:00:18.871108 enp0s3 In  IP 192.168.56.2.514 > 192.168.56.119.514: SYSLOG syslog.alert, length: 194
03:00:18.882413 enp0s3 In  IP 192.168.56.2.514 > 192.168.56.119.514: SYSLOG syslog.alert, length: 194
03:00:18.882414 enp0s3 In  IP 192.168.56.2.514 > 192.168.56.119.514: SYSLOG syslog.alert, length: 194
03:00:18.882414 enp0s3 In  IP 192.168.56.2.514 > 192.168.56.119.514: SYSLOG syslog.alert, length: 194
03:00:18.882414 enp0s3 In  IP 192.168.56.2.514 > 192.168.56.119.514: SYSLOG syslog.alert, length: 194
03:00:18.882414 enp0s3 In  IP 192.168.56.2.514 > 192.168.56.119.514: SYSLOG syslog.alert, length: 194
03:00:18.882414 enp0s3 In  IP 192.168.56.2.514 > 192.168.56.119.514: SYSLOG syslog.alert, length: 194
03:00:18.882415 enp0s3 In  IP 192.168.56.2.514 > 192.168.56.119.514: SYSLOG syslog.alert, length: 194
03:00:18.882415 enp0s3 In  IP 192.168.56.2.514 > 192.168.56.119.514: SYSLOG syslog.alert, length: 194
03:00:18.882941 enp0s3 In  IP 192.168.56.2.514 > 192.168.56.119.514: SYSLOG syslog.alert, length: 194
03:00:18.882941 enp0s3 In  IP 192.168.56.2.514 > 192.168.56.119.514: SYSLOG syslog.alert, length: 194
03:00:18.882941 enp0s3 In  IP 192.168.56.2.514 > 192.168.56.119.514: SYSLOG syslog.alert, length: 194
03:00:18.882941 enp0s3 In  IP 192.168.56.2.514 > 192.168.56.119.514: SYSLOG syslog.alert, length: 194
03:00:18.882942 enp0s3 In  IP 192.168.56.2.514 > 192.168.56.119.514: SYSLOG syslog.alert, length: 194
03:00:19.380223 enp0s3 In  IP 192.168.56.2.514 > 192.168.56.119.514: SYSLOG syslog.alert, length: 193
03:00:19.380224 enp0s3 In  IP 192.168.56.2.514 > 192.168.56.119.514: SYSLOG syslog.alert, length: 193
03:00:19.383041 enp0s3 In  IP 192.168.56.2.514 > 192.168.56.119.514: SYSLOG syslog.alert, length: 193
03:00:19.383042 enp0s3 In  IP 192.168.56.2.514 > 192.168.56.119.514: SYSLOG syslog.alert, length: 193
03:00:19.384539 enp0s3 In  IP 192.168.56.2.514 > 192.168.56.119.514: SYSLOG syslog.alert, length: 193
03:00:19.384540 enp0s3 In  IP 192.168.56.2.514 > 192.168.56.119.514: SYSLOG syslog.alert, length: 193
03:00:19.387257 enp0s3 In  IP 192.168.56.2.514 > 192.168.56.119.514: SYSLOG syslog.alert, length: 193
03:00:19.387257 enp0s3 In  IP 192.168.56.2.514 > 192.168.56.119.514: SYSLOG syslog.alert, length: 193
03:00:19.388159 enp0s3 In  IP 192.168.56.2.514 > 192.168.56.119.514: SYSLOG syslog.alert, length: 193
03:00:19.390075 enp0s3 In  IP 192.168.56.2.514 > 192.168.56.119.514: SYSLOG syslog.alert, length: 193
03:00:19.391267 enp0s3 In  IP 192.168.56.2.514 > 192.168.56.119.514: SYSLOG syslog.alert, length: 193
03:00:19.391267 enp0s3 In  IP 192.168.56.2.514 > 192.168.56.119.514: SYSLOG syslog.alert, length: 193
03:00:19.394223 enp0s3 In  IP 192.168.56.2.514 > 192.168.56.119.514: SYSLOG syslog.alert, length: 193
03:00:19.394224 enp0s3 In  IP 192.168.56.2.514 > 192.168.56.119.514: SYSLOG syslog.alert, length: 193
03:00:19.396215 enp0s3 In  IP 192.168.56.2.514 > 192.168.56.119.514: SYSLOG syslog.alert, length: 193
03:00:19.397084 enp0s3 In  IP 192.168.56.2.514 > 192.168.56.119.514: SYSLOG syslog.alert, length: 193
03:00:19.398569 enp0s3 In  IP 192.168.56.2.514 > 192.168.56.119.514: SYSLOG syslog.alert, length: 193
03:00:19.402961 enp0s3 In  IP 192.168.56.2.514 > 192.168.56.119.514: SYSLOG syslog.alert, length: 193
03:00:19.402962 enp0s3 In  IP 192.168.56.2.514 > 192.168.56.119.514: SYSLOG syslog.alert, length: 193
03:00:19.402962 enp0s3 In  IP 192.168.56.2.514 > 192.168.56.119.514: SYSLOG syslog.alert, length: 193
03:00:19.402962 enp0s3 In  IP 192.168.56.2.514 > 192.168.56.119.514: SYSLOG syslog.alert, length: 193
03:00:19.402962 enp0s3 In  IP 192.168.56.2.514 > 192.168.56.119.514: SYSLOG syslog.alert, length: 193
03:00:19.404430 enp0s3 In  IP 192.168.56.2.514 > 192.168.56.119.514: SYSLOG syslog.alert, length: 193
03:00:19.404430 enp0s3 In  IP 192.168.56.2.514 > 192.168.56.119.514: SYSLOG syslog.alert, length: 193
03:00:19.407549 enp0s3 In  IP 192.168.56.2.514 > 192.168.56.119.514: SYSLOG syslog.alert, length: 193
03:00:19.407549 enp0s3 In  IP 192.168.56.2.514 > 192.168.56.119.514: SYSLOG syslog.alert, length: 193
03:00:19.416143 enp0s3 In  IP 192.168.56.2.514 > 192.168.56.119.514: SYSLOG syslog.alert, length: 193
03:00:19.416144 enp0s3 In  IP 192.168.56.2.514 > 192.168.56.119.514: SYSLOG syslog.alert, length: 193
03:00:19.416144 enp0s3 In  IP 192.168.56.2.514 > 192.168.56.119.514: SYSLOG syslog.alert, length: 193
03:00:19.416144 enp0s3 In  IP 192.168.56.2.514 > 192.168.56.119.514: SYSLOG syslog.alert, length: 193
03:00:19.416144 enp0s3 In  IP 192.168.56.2.514 > 192.168.56.119.514: SYSLOG syslog.alert, length: 193
03:00:19.416144 enp0s3 In  IP 192.168.56.2.514 > 192.168.56.119.514: SYSLOG syslog.alert, length: 193
03:00:19.416144 enp0s3 In  IP 192.168.56.2.514 > 192.168.56.119.514: SYSLOG syslog.alert, length: 193
03:00:19.416144 enp0s3 In  IP 192.168.56.2.514 > 192.168.56.119.514: SYSLOG syslog.alert, length: 193
03:00:19.421484 enp0s3 In  IP 192.168.56.2.514 > 192.168.56.119.514: SYSLOG syslog.alert, length: 193
03:00:19.421485 enp0s3 In  IP 192.168.56.2.514 > 192.168.56.119.514: SYSLOG syslog.alert, length: 193
03:00:19.423020 enp0s3 In  IP 192.168.56.2.514 > 192.168.56.119.514: SYSLOG syslog.alert, length: 193
03:00:19.423020 enp0s3 In  IP 192.168.56.2.514 > 192.168.56.119.514: SYSLOG syslog.alert, length: 193
03:00:19.423020 enp0s3 In  IP 192.168.56.2.514 > 192.168.56.119.514: SYSLOG syslog.alert, length: 193
03:00:19.423020 enp0s3 In  IP 192.168.56.2.514 > 192.168.56.119.514: SYSLOG syslog.alert, length: 193
03:00:19.423996 enp0s3 In  IP 192.168.56.2.514 > 192.168.56.119.514: SYSLOG syslog.alert, length: 193
03:00:19.434271 enp0s3 In  IP 192.168.56.2.514 > 192.168.56.119.514: SYSLOG syslog.alert, length: 193
03:00:19.434272 enp0s3 In  IP 192.168.56.2.514 > 192.168.56.119.514: SYSLOG syslog.alert, length: 193
03:00:19.434272 enp0s3 In  IP 192.168.56.2.514 > 192.168.56.119.514: SYSLOG syslog.alert, length: 193
03:00:19.434273 enp0s3 In  IP 192.168.56.2.514 > 192.168.56.119.514: SYSLOG syslog.alert, length: 193
03:00:19.434273 enp0s3 In  IP 192.168.56.2.514 > 192.168.56.119.514: SYSLOG syslog.alert, length: 193
03:00:19.434273 enp0s3 In  IP 192.168.56.2.514 > 192.168.56.119.514: SYSLOG syslog.alert, length: 193
03:00:19.434273 enp0s3 In  IP 192.168.56.2.514 > 192.168.56.119.514: SYSLOG syslog.alert, length: 193
03:00:19.435764 enp0s3 In  IP 192.168.56.2.514 > 192.168.56.119.514: SYSLOG syslog.alert, length: 193
03:00:19.435765 enp0s3 In  IP 192.168.56.2.514 > 192.168.56.119.514: SYSLOG syslog.alert, length: 193
03:00:19.438219 enp0s3 In  IP 192.168.56.2.514 > 192.168.56.119.514: SYSLOG syslog.alert, length: 193
03:00:19.439243 enp0s3 In  IP 192.168.56.2.514 > 192.168.56.119.514: SYSLOG syslog.alert, length: 193
03:00:19.440385 enp0s3 In  IP 192.168.56.2.514 > 192.168.56.119.514: SYSLOG syslog.alert, length: 193
03:00:19.440985 enp0s3 In  IP 192.168.56.2.514 > 192.168.56.119.514: SYSLOG syslog.alert, length: 193
03:00:19.444074 enp0s3 In  IP 192.168.56.2.514 > 192.168.56.119.514: SYSLOG syslog.alert, length: 193
03:00:19.444075 enp0s3 In  IP 192.168.56.2.514 > 192.168.56.119.514: SYSLOG syslog.alert, length: 193
03:00:19.444075 enp0s3 In  IP 192.168.56.2.514 > 192.168.56.119.514: SYSLOG syslog.alert, length: 193
03:00:19.445113 enp0s3 In  IP 192.168.56.2.514 > 192.168.56.119.514: SYSLOG syslog.alert, length: 193
03:00:19.887257 enp0s3 In  IP 192.168.56.2.514 > 192.168.56.119.514: SYSLOG syslog.alert, length: 193
03:00:19.887258 enp0s3 In  IP 192.168.56.2.514 > 192.168.56.119.514: SYSLOG syslog.alert, length: 193
03:00:20.908941 enp0s3 In  IP 192.168.56.2.514 > 192.168.56.119.514: SYSLOG syslog.alert, length: 194
03:00:20.908942 enp0s3 In  IP 192.168.56.2.514 > 192.168.56.119.514: SYSLOG syslog.alert, length: 194
03:00:20.910588 enp0s3 In  IP 192.168.56.2.514 > 192.168.56.119.514: SYSLOG syslog.alert, length: 194
03:00:20.910588 enp0s3 In  IP 192.168.56.2.514 > 192.168.56.119.514: SYSLOG syslog.alert, length: 194
03:00:20.917716 enp0s3 In  IP 192.168.56.2.514 > 192.168.56.119.514: SYSLOG syslog.alert, length: 194
03:00:20.917717 enp0s3 In  IP 192.168.56.2.514 > 192.168.56.119.514: SYSLOG syslog.alert, length: 194
03:00:20.917717 enp0s3 In  IP 192.168.56.2.514 > 192.168.56.119.514: SYSLOG syslog.alert, length: 194
03:00:20.917717 enp0s3 In  IP 192.168.56.2.514 > 192.168.56.119.514: SYSLOG syslog.alert, length: 194
03:00:20.917717 enp0s3 In  IP 192.168.56.2.514 > 192.168.56.119.514: SYSLOG syslog.alert, length: 194
03:00:20.917717 enp0s3 In  IP 192.168.56.2.514 > 192.168.56.119.514: SYSLOG syslog.alert, length: 194
03:00:20.917717 enp0s3 In  IP 192.168.56.2.514 > 192.168.56.119.514: SYSLOG syslog.alert, length: 194
03:00:21.388044 enp0s3 In  IP 192.168.56.2.514 > 192.168.56.119.514: SYSLOG syslog.alert, length: 194
03:00:21.389690 enp0s3 In  IP 192.168.56.2.514 > 192.168.56.119.514: SYSLOG syslog.alert, length: 194
03:00:21.394127 enp0s3 In  IP 192.168.56.2.514 > 192.168.56.119.514: SYSLOG syslog.alert, length: 194
03:00:21.396792 enp0s3 In  IP 192.168.56.2.514 > 192.168.56.119.514: SYSLOG syslog.alert, length: 194
03:00:21.396792 enp0s3 In  IP 192.168.56.2.514 > 192.168.56.119.514: SYSLOG syslog.alert, length: 194
03:00:21.396792 enp0s3 In  IP 192.168.56.2.514 > 192.168.56.119.514: SYSLOG syslog.alert, length: 194
03:00:21.396793 enp0s3 In  IP 192.168.56.2.514 > 192.168.56.119.514: SYSLOG syslog.alert, length: 194
03:00:23.412736 enp0s3 In  IP 192.168.56.2.514 > 192.168.56.119.514: SYSLOG user.notice, length: 98
03:00:23.412737 enp0s3 In  IP 192.168.56.2.514 > 192.168.56.119.514: SYSLOG user.notice, length: 32
03:00:34.430898 enp0s3 In  IP 192.168.56.2.514 > 192.168.56.119.514: SYSLOG syslog.alert, length: 190
^C
126 packets captured
130 packets received by filter
0 packets dropped by kernel